// Jest Snapshot v1, https://goo.gl/fbAQLP

exports[`snapshot 1`] = `
<h3>
  Tic Tac Toe Board
</h3>
`;
